[2025-03-21 01:10:20] [General - Main] [INFO] Starting PhotonVision version v2025.2.1 on platform Linux Raspbian 64-bit (Pi PI_5)
[2025-03-21 01:10:20] [General - OsImageVersion] [WARN] Photon cannot locate base OS image version metadata at /opt/photonvision/image-version
[2025-03-21 01:10:20] [General - Main] [INFO] WPI JNI libraries loaded.
[2025-03-21 01:10:20] [General - Main] [INFO] photon-targeting JNI libraries loaded.
[2025-03-21 01:10:20] [Camera - LibCameraJNILoader] [ERROR] Couldn't load shared object photonlibcamera: /tmp/libphotonlibcamera.so: libcamera.so.0.3: cannot open shared object file: No such file or directory
[2025-03-21 01:10:20] [General - Main] [ERROR] Platform does not support RKNN based machine learning!
[2025-03-21 01:10:20] [Camera - MrCalJNILoader] [ERROR] Couldn't load shared object mrcal_jni: /tmp/libmrcal_jni.so: libsuitesparseconfig.so.5: cannot open shared object file: No such file or directory
[2025-03-21 01:10:20] [General - Main] [WARN] Failed to load mrcal-JNI! Camera calibration will fall back to opencv
Unable to load mrcal JNI!
[2025-03-21 01:10:20] [General - Main] [INFO] Logging initialized in debug mode.
[2025-03-21 01:10:20] [General - Main] [DEBUG] Loading ConfigManager...
[2025-03-21 01:10:20] [Config - SqlConfigProvider] [DEBUG] Using database /home/apriltag/Documents/Github/AprilTag-And-Coral-Detection/photonvision_config/photon.sqlite
[2025-03-21 01:10:21] [Config - SqlConfigProvider] [INFO] Using correct database version: 2
[2025-03-21 01:10:21] [Config - SqlConfigProvider] [DEBUG] Loading config...
[2025-03-21 01:10:21] [Config - SqlConfigProvider] [ERROR] Could not deserialize apriltag layout! Loading defaults: Provided empty string for class edu.wpi.first.apriltag.AprilTagFieldLayout
[2025-03-21 01:10:21] [Config - SqlConfigProvider] [ERROR] org.eclipse.jetty.io.EofException: Provided empty string for class edu.wpi.first.apriltag.AprilTagFieldLayout
	at org.photonvision.common.util.file.JacksonUtils.deserialize(JacksonUtils.java:81)
	at org.photonvision.common.configuration.SqlConfigProvider.load(SqlConfigProvider.java:296)
	at org.photonvision.common.configuration.ConfigManager.load(ConfigManager.java:192)
	at org.photonvision.Main.main(Main.java:267)

[2025-03-21 01:10:21] [General - Main] [INFO] Loading ML models...
[2025-03-21 01:10:21] [Config - NeuralNetworkModelManager] [INFO] Skipping extraction of DNN resource: models/algaeV1-640-640-yolov8n-labels.txt
[2025-03-21 01:10:21] [Config - NeuralNetworkModelManager] [INFO] Skipping extraction of DNN resource: models/algaeV1-640-640-yolov8n.rknn
[2025-03-21 01:10:21] [Config - NeuralNetworkModelManager] [INFO] Supported backends: []
[2025-03-21 01:10:21] [Config - NeuralNetworkModelManager] [INFO] Loaded model algaeV1-640-640-yolov8n.rknn for backend RKNN
[2025-03-21 01:10:21] [General - Main] [DEBUG] Loading HardwareManager...
[2025-03-21 01:10:21] [NetworkTables - TimeSyncManager] [DEBUG] Starting TimeSyncClient on localhost (for now)
[2025-03-21 01:10:21] [General - PigpioSocket] [ERROR] Failed to create or connect to Pigpio Daemon socket: Connection refused
[2025-03-21 01:10:21] [General - PigpioSocket] [ERROR] java.net.ConnectException: Connection refused
	at java.base/sun.nio.ch.Net.connect0(Native Method)
	at java.base/sun.nio.ch.Net.connect(Net.java:579)
	at java.base/sun.nio.ch.Net.connect(Net.java:568)
	at java.base/sun.nio.ch.NioSocketImpl.connect(NioSocketImpl.java:593)
	at java.base/java.net.SocksSocketImpl.connect(SocksSocketImpl.java:327)
	at java.base/java.net.Socket.connect(Socket.java:633)
	at java.base/java.net.Socket.connect(Socket.java:583)
	at java.base/java.net.Socket.<init>(Socket.java:507)
	at java.base/java.net.Socket.<init>(Socket.java:287)
	at org.photonvision.common.hardware.GPIO.pi.PigpioSocketLock.reconnect(PigpioSocketLock.java:47)
	at org.photonvision.common.hardware.GPIO.pi.PigpioSocketLock.<init>(PigpioSocketLock.java:43)
	at org.photonvision.common.hardware.GPIO.pi.PigpioSocket.<init>(PigpioSocket.java:51)
	at org.photonvision.common.hardware.GPIO.pi.PigpioSocket.<init>(PigpioSocket.java:39)
	at org.photonvision.common.hardware.HardwareManager.<init>(HardwareManager.java:91)
	at org.photonvision.common.hardware.HardwareManager.getInstance(HardwareManager.java:67)
	at org.photonvision.Main.main(Main.java:277)

[2025-03-21 01:10:21] [General - Main] [DEBUG] Loading NetworkManager...
[2025-03-21 01:10:21] [General - ShellExec] [DEBUG] Executing "id -u"
[2025-03-21 01:10:21] [General - ShellExec] [DEBUG] Got exit code 0
[2025-03-21 01:10:21] [General - ShellExec] [DEBUG] Executing "nmcli -t -f GENERAL.CONNECTION,GENERAL.DEVICE,GENERAL.TYPE device show"
[2025-03-21 01:10:21] [General - ShellExec] [DEBUG] Got exit code 0
[2025-03-21 01:10:21] [General - NetworkUtils] [DEBUG] Found network interfaces: [NMDeviceInfo [connName=TheHills, devName=wlan0, nmType=NMTYPE_WIFI], NMDeviceInfo [connName=, devName=p2p-dev-wlan0, nmType=NMTYPE_UNKNOWN], NMDeviceInfo [connName=, devName=eth0, nmType=NMTYPE_ETHERNET]]
[2025-03-21 01:10:21] [General - NetworkManager] [DEBUG] Watching network interface at path: /sys/class/net/eth0/carrier
[2025-03-21 01:10:21] [General - NetworkManager] [WARN] Interface eth0 is disconnected, check Ethernet!
[2025-03-21 01:10:21] [General - NetworkManager] [WARN] No physical interface found. Maybe ethernet isn't connected?
[2025-03-21 01:10:21] [General - NetworkManager] [ERROR] No valid network interfaces to manage
[2025-03-21 01:10:21] [General - Main] [DEBUG] Loading NetworkTablesManager...
[2025-03-21 01:10:21] [NetworkTables - NetworkTablesManager] [INFO] Starting NT Client, server team is 0
[2025-03-21 01:10:21] [NetworkTables - NetworkTablesManager] [INFO] NT: INFO 20: starting network client (NetworkClient.cpp:46)
[2025-03-21 01:10:21] [General - Main] [DEBUG] Loading VisionSourceManager...
[2025-03-21 01:10:21] [NetworkTables - NetworkTablesManager] [INFO] Starting NT Client, server team is 0
[2025-03-21 01:10:21] [NetworkTables - NetworkTablesManager] [ERROR] [NetworkTablesManager] Could not connect to the robot! Will retry in the background...
[2025-03-21 01:10:21] [Camera - VisionSourceManager] [INFO] Registering loaded camera configs
[2025-03-21 01:10:21] [Camera - VisionSourceManager] [INFO] Finished registering loaded camera configs! Started 0 active VisionModules, with 0 disabled VisionModules
[2025-03-21 01:10:21] [General - Main] [INFO] Starting server...
[2025-03-21 01:10:21] [WebServer - DataChangeService] [DEBUG] Added subscriber - Sources: DCS_WEBSOCKET, DCS_HTTP, DCS_NETWORKTABLES, DCS_VISIONMODULE, DCS_OTHER, Destinations: DCD_WEBSERVER
[2025-03-21 01:10:21] [General - TimedTaskManager] [ERROR] Exception thrown by threadpool: 'boolean org.photonvision.raspi.LibCameraJNI.isLibraryWorking()': 'boolean org.photonvision.raspi.LibCameraJNI.isLibraryWorking()'
[2025-03-21 01:10:21] [General - TimedTaskManager] [ERROR] java.lang.UnsatisfiedLinkError: 'boolean org.photonvision.raspi.LibCameraJNI.isLibraryWorking()'
	at org.photonvision.raspi.LibCameraJNI.isLibraryWorking(Native Method)
	at org.photonvision.raspi.LibCameraJNI.isSupported(LibCameraJNI.java:65)
	at org.photonvision.raspi.LibCameraJNILoader.isSupported(LibCameraJNILoader.java:77)
	at org.photonvision.vision.processes.VisionSourceManager.getConnectedCameras(VisionSourceManager.java:303)
	at org.photonvision.vision.processes.VisionSourceManager.getVsmState(VisionSourceManager.java:282)
	at org.photonvision.vision.processes.VisionSourceManager.pushUiUpdate(VisionSourceManager.java:291)
	at org.photonvision.common.util.TimedTaskManager$CaughtScheduledThreadPoolExecutor.lambda$wrap$0(TimedTaskManager.java:56)
	at java.base/java.util.concurrent.Executors$RunnableAdapter.call(Executors.java:539)
	at java.base/java.util.concurrent.FutureTask.runAndReset(FutureTask.java:305)
	at java.base/java.util.concurrent.ScheduledThreadPoolExecutor$ScheduledFutureTask.run(ScheduledThreadPoolExecutor.java:305)
	at java.base/java.util.concurrent.ThreadPoolExecutor.runWorker(ThreadPoolExecutor.java:1136)
	at java.base/java.util.concurrent.ThreadPoolExecutor$Worker.run(ThreadPoolExecutor.java:635)
	at java.base/java.lang.Thread.run(Thread.java:840)

[2025-03-21 01:10:21] [WebServer - DataChangeService] [DEBUG] Added subscriber - Sources: DCS_WEBSOCKET, DCS_HTTP, DCS_NETWORKTABLES, DCS_VISIONMODULE, DCS_OTHER, Destinations: DCD_UI
[2025-03-21 01:10:21] [WebServer - DataChangeService] [DEBUG] Added subscriber - Sources: DCS_WEBSOCKET, Destinations: DCD_GENSETTINGS
[2025-03-21 01:10:22] [General - TimedTaskManager] [ERROR] Exception thrown by threadpool: 'boolean org.photonvision.raspi.LibCameraJNI.isLibraryWorking()': 'boolean org.photonvision.raspi.LibCameraJNI.isLibraryWorking()'
[2025-03-21 01:10:22] [General - TimedTaskManager] [ERROR] java.lang.UnsatisfiedLinkError: 'boolean org.photonvision.raspi.LibCameraJNI.isLibraryWorking()'
	at org.photonvision.raspi.LibCameraJNI.isLibraryWorking(Native Method)
	at org.photonvision.raspi.LibCameraJNI.isSupported(LibCameraJNI.java:65)
	at org.photonvision.raspi.LibCameraJNILoader.isSupported(LibCameraJNILoader.java:77)
	at org.photonvision.vision.processes.VisionSourceManager.getConnectedCameras(VisionSourceManager.java:303)
	at org.photonvision.vision.processes.VisionSourceManager.getVsmState(VisionSourceManager.java:282)
	at org.photonvision.vision.processes.VisionSourceManager.pushUiUpdate(VisionSourceManager.java:291)
	at org.photonvision.common.util.TimedTaskManager$CaughtScheduledThreadPoolExecutor.lambda$wrap$0(TimedTaskManager.java:56)
	at java.base/java.util.concurrent.Executors$RunnableAdapter.call(Executors.java:539)
	at java.base/java.util.concurrent.FutureTask.runAndReset(FutureTask.java:305)
	at java.base/java.util.concurrent.ScheduledThreadPoolExecutor$ScheduledFutureTask.run(ScheduledThreadPoolExecutor.java:305)
	at java.base/java.util.concurrent.ThreadPoolExecutor.runWorker(ThreadPoolExecutor.java:1136)
	at java.base/java.util.concurrent.ThreadPoolExecutor$Worker.run(ThreadPoolExecutor.java:635)
	at java.base/java.lang.Thread.run(Thread.java:840)

[2025-03-21 01:10:23] [Config - ConfigManager] [DEBUG] Saving to disk...
[2025-03-21 01:10:23] [Config - SqlConfigProvider] [DEBUG] Saving to disk
[2025-03-21 01:10:23] [Config - SqlConfigProvider] [INFO] Settings saved!
[2025-03-21 01:10:23] [General - TimedTaskManager] [ERROR] Exception thrown by threadpool: 'boolean org.photonvision.raspi.LibCameraJNI.isLibraryWorking()': 'boolean org.photonvision.raspi.LibCameraJNI.isLibraryWorking()'
[2025-03-21 01:10:23] [General - TimedTaskManager] [ERROR] java.lang.UnsatisfiedLinkError: 'boolean org.photonvision.raspi.LibCameraJNI.isLibraryWorking()'
	at org.photonvision.raspi.LibCameraJNI.isLibraryWorking(Native Method)
	at org.photonvision.raspi.LibCameraJNI.isSupported(LibCameraJNI.java:65)
	at org.photonvision.raspi.LibCameraJNILoader.isSupported(LibCameraJNILoader.java:77)
	at org.photonvision.vision.processes.VisionSourceManager.getConnectedCameras(VisionSourceManager.java:303)
	at org.photonvision.vision.processes.VisionSourceManager.getVsmState(VisionSourceManager.java:282)
	at org.photonvision.vision.processes.VisionSourceManager.pushUiUpdate(VisionSourceManager.java:291)
	at org.photonvision.common.util.TimedTaskManager$CaughtScheduledThreadPoolExecutor.lambda$wrap$0(TimedTaskManager.java:56)
	at java.base/java.util.concurrent.Executors$RunnableAdapter.call(Executors.java:539)
	at java.base/java.util.concurrent.FutureTask.runAndReset(FutureTask.java:305)
	at java.base/java.util.concurrent.ScheduledThreadPoolExecutor$ScheduledFutureTask.run(ScheduledThreadPoolExecutor.java:305)
	at java.base/java.util.concurrent.ThreadPoolExecutor.runWorker(ThreadPoolExecutor.java:1136)
	at java.base/java.util.concurrent.ThreadPoolExecutor$Worker.run(ThreadPoolExecutor.java:635)
	at java.base/java.lang.Thread.run(Thread.java:840)

[2025-03-21 01:10:24] [General - TimedTaskManager] [ERROR] Exception thrown by threadpool: 'boolean org.photonvision.raspi.LibCameraJNI.isLibraryWorking()': 'boolean org.photonvision.raspi.LibCameraJNI.isLibraryWorking()'
[2025-03-21 01:10:24] [General - TimedTaskManager] [ERROR] java.lang.UnsatisfiedLinkError: 'boolean org.photonvision.raspi.LibCameraJNI.isLibraryWorking()'
	at org.photonvision.raspi.LibCameraJNI.isLibraryWorking(Native Method)
	at org.photonvision.raspi.LibCameraJNI.isSupported(LibCameraJNI.java:65)
	at org.photonvision.raspi.LibCameraJNILoader.isSupported(LibCameraJNILoader.java:77)
	at org.photonvision.vision.processes.VisionSourceManager.getConnectedCameras(VisionSourceManager.java:303)
	at org.photonvision.vision.processes.VisionSourceManager.getVsmState(VisionSourceManager.java:282)
	at org.photonvision.vision.processes.VisionSourceManager.pushUiUpdate(VisionSourceManager.java:291)
	at org.photonvision.common.util.TimedTaskManager$CaughtScheduledThreadPoolExecutor.lambda$wrap$0(TimedTaskManager.java:56)
	at java.base/java.util.concurrent.Executors$RunnableAdapter.call(Executors.java:539)
	at java.base/java.util.concurrent.FutureTask.runAndReset(FutureTask.java:305)
	at java.base/java.util.concurrent.ScheduledThreadPoolExecutor$ScheduledFutureTask.run(ScheduledThreadPoolExecutor.java:305)
	at java.base/java.util.concurrent.ThreadPoolExecutor.runWorker(ThreadPoolExecutor.java:1136)
	at java.base/java.util.concurrent.ThreadPoolExecutor$Worker.run(ThreadPoolExecutor.java:635)
	at java.base/java.lang.Thread.run(Thread.java:840)

[2025-03-21 01:10:25] [General - TimedTaskManager] [ERROR] Exception thrown by threadpool: 'boolean org.photonvision.raspi.LibCameraJNI.isLibraryWorking()': 'boolean org.photonvision.raspi.LibCameraJNI.isLibraryWorking()'
[2025-03-21 01:10:25] [General - TimedTaskManager] [ERROR] java.lang.UnsatisfiedLinkError: 'boolean org.photonvision.raspi.LibCameraJNI.isLibraryWorking()'
	at org.photonvision.raspi.LibCameraJNI.isLibraryWorking(Native Method)
	at org.photonvision.raspi.LibCameraJNI.isSupported(LibCameraJNI.java:65)
	at org.photonvision.raspi.LibCameraJNILoader.isSupported(LibCameraJNILoader.java:77)
	at org.photonvision.vision.processes.VisionSourceManager.getConnectedCameras(VisionSourceManager.java:303)
	at org.photonvision.vision.processes.VisionSourceManager.getVsmState(VisionSourceManager.java:282)
	at org.photonvision.vision.processes.VisionSourceManager.pushUiUpdate(VisionSourceManager.java:291)
	at org.photonvision.common.util.TimedTaskManager$CaughtScheduledThreadPoolExecutor.lambda$wrap$0(TimedTaskManager.java:56)
	at java.base/java.util.concurrent.Executors$RunnableAdapter.call(Executors.java:539)
	at java.base/java.util.concurrent.FutureTask.runAndReset(FutureTask.java:305)
	at java.base/java.util.concurrent.ScheduledThreadPoolExecutor$ScheduledFutureTask.run(ScheduledThreadPoolExecutor.java:305)
	at java.base/java.util.concurrent.ThreadPoolExecutor.runWorker(ThreadPoolExecutor.java:1136)
	at java.base/java.util.concurrent.ThreadPoolExecutor$Worker.run(ThreadPoolExecutor.java:635)
	at java.base/java.lang.Thread.run(Thread.java:840)

[2025-03-21 01:10:26] [General - TimedTaskManager] [ERROR] Exception thrown by threadpool: 'boolean org.photonvision.raspi.LibCameraJNI.isLibraryWorking()': 'boolean org.photonvision.raspi.LibCameraJNI.isLibraryWorking()'
[2025-03-21 01:10:26] [General - TimedTaskManager] [ERROR] java.lang.UnsatisfiedLinkError: 'boolean org.photonvision.raspi.LibCameraJNI.isLibraryWorking()'
	at org.photonvision.raspi.LibCameraJNI.isLibraryWorking(Native Method)
	at org.photonvision.raspi.LibCameraJNI.isSupported(LibCameraJNI.java:65)
	at org.photonvision.raspi.LibCameraJNILoader.isSupported(LibCameraJNILoader.java:77)
	at org.photonvision.vision.processes.VisionSourceManager.getConnectedCameras(VisionSourceManager.java:303)
	at org.photonvision.vision.processes.VisionSourceManager.getVsmState(VisionSourceManager.java:282)
	at org.photonvision.vision.processes.VisionSourceManager.pushUiUpdate(VisionSourceManager.java:291)
	at org.photonvision.common.util.TimedTaskManager$CaughtScheduledThreadPoolExecutor.lambda$wrap$0(TimedTaskManager.java:56)
	at java.base/java.util.concurrent.Executors$RunnableAdapter.call(Executors.java:539)
	at java.base/java.util.concurrent.FutureTask.runAndReset(FutureTask.java:305)
	at java.base/java.util.concurrent.ScheduledThreadPoolExecutor$ScheduledFutureTask.run(ScheduledThreadPoolExecutor.java:305)
	at java.base/java.util.concurrent.ThreadPoolExecutor.runWorker(ThreadPoolExecutor.java:1136)
	at java.base/java.util.concurrent.ThreadPoolExecutor$Worker.run(ThreadPoolExecutor.java:635)
	at java.base/java.lang.Thread.run(Thread.java:840)

[2025-03-21 01:10:27] [General - TimedTaskManager] [ERROR] Exception thrown by threadpool: 'boolean org.photonvision.raspi.LibCameraJNI.isLibraryWorking()': 'boolean org.photonvision.raspi.LibCameraJNI.isLibraryWorking()'
[2025-03-21 01:10:27] [General - TimedTaskManager] [ERROR] java.lang.UnsatisfiedLinkError: 'boolean org.photonvision.raspi.LibCameraJNI.isLibraryWorking()'
	at org.photonvision.raspi.LibCameraJNI.isLibraryWorking(Native Method)
	at org.photonvision.raspi.LibCameraJNI.isSupported(LibCameraJNI.java:65)
	at org.photonvision.raspi.LibCameraJNILoader.isSupported(LibCameraJNILoader.java:77)
	at org.photonvision.vision.processes.VisionSourceManager.getConnectedCameras(VisionSourceManager.java:303)
	at org.photonvision.vision.processes.VisionSourceManager.getVsmState(VisionSourceManager.java:282)
	at org.photonvision.vision.processes.VisionSourceManager.pushUiUpdate(VisionSourceManager.java:291)
	at org.photonvision.common.util.TimedTaskManager$CaughtScheduledThreadPoolExecutor.lambda$wrap$0(TimedTaskManager.java:56)
	at java.base/java.util.concurrent.Executors$RunnableAdapter.call(Executors.java:539)
	at java.base/java.util.concurrent.FutureTask.runAndReset(FutureTask.java:305)
	at java.base/java.util.concurrent.ScheduledThreadPoolExecutor$ScheduledFutureTask.run(ScheduledThreadPoolExecutor.java:305)
	at java.base/java.util.concurrent.ThreadPoolExecutor.runWorker(ThreadPoolExecutor.java:1136)
	at java.base/java.util.concurrent.ThreadPoolExecutor$Worker.run(ThreadPoolExecutor.java:635)
	at java.base/java.lang.Thread.run(Thread.java:840)

[2025-03-21 01:10:28] [General - TimedTaskManager] [ERROR] Exception thrown by threadpool: 'boolean org.photonvision.raspi.LibCameraJNI.isLibraryWorking()': 'boolean org.photonvision.raspi.LibCameraJNI.isLibraryWorking()'
[2025-03-21 01:10:28] [General - TimedTaskManager] [ERROR] java.lang.UnsatisfiedLinkError: 'boolean org.photonvision.raspi.LibCameraJNI.isLibraryWorking()'
	at org.photonvision.raspi.LibCameraJNI.isLibraryWorking(Native Method)
	at org.photonvision.raspi.LibCameraJNI.isSupported(LibCameraJNI.java:65)
	at org.photonvision.raspi.LibCameraJNILoader.isSupported(LibCameraJNILoader.java:77)
	at org.photonvision.vision.processes.VisionSourceManager.getConnectedCameras(VisionSourceManager.java:303)
	at org.photonvision.vision.processes.VisionSourceManager.getVsmState(VisionSourceManager.java:282)
	at org.photonvision.vision.processes.VisionSourceManager.pushUiUpdate(VisionSourceManager.java:291)
	at org.photonvision.common.util.TimedTaskManager$CaughtScheduledThreadPoolExecutor.lambda$wrap$0(TimedTaskManager.java:56)
	at java.base/java.util.concurrent.Executors$RunnableAdapter.call(Executors.java:539)
	at java.base/java.util.concurrent.FutureTask.runAndReset(FutureTask.java:305)
	at java.base/java.util.concurrent.ScheduledThreadPoolExecutor$ScheduledFutureTask.run(ScheduledThreadPoolExecutor.java:305)
	at java.base/java.util.concurrent.ThreadPoolExecutor.runWorker(ThreadPoolExecutor.java:1136)
	at java.base/java.util.concurrent.ThreadPoolExecutor$Worker.run(ThreadPoolExecutor.java:635)
	at java.base/java.lang.Thread.run(Thread.java:840)

[2025-03-21 01:10:29] [General - TimedTaskManager] [ERROR] Exception thrown by threadpool: 'boolean org.photonvision.raspi.LibCameraJNI.isLibraryWorking()': 'boolean org.photonvision.raspi.LibCameraJNI.isLibraryWorking()'
[2025-03-21 01:10:29] [General - TimedTaskManager] [ERROR] java.lang.UnsatisfiedLinkError: 'boolean org.photonvision.raspi.LibCameraJNI.isLibraryWorking()'
	at org.photonvision.raspi.LibCameraJNI.isLibraryWorking(Native Method)
	at org.photonvision.raspi.LibCameraJNI.isSupported(LibCameraJNI.java:65)
	at org.photonvision.raspi.LibCameraJNILoader.isSupported(LibCameraJNILoader.java:77)
	at org.photonvision.vision.processes.VisionSourceManager.getConnectedCameras(VisionSourceManager.java:303)
	at org.photonvision.vision.processes.VisionSourceManager.getVsmState(VisionSourceManager.java:282)
	at org.photonvision.vision.processes.VisionSourceManager.pushUiUpdate(VisionSourceManager.java:291)
	at org.photonvision.common.util.TimedTaskManager$CaughtScheduledThreadPoolExecutor.lambda$wrap$0(TimedTaskManager.java:56)
	at java.base/java.util.concurrent.Executors$RunnableAdapter.call(Executors.java:539)
	at java.base/java.util.concurrent.FutureTask.runAndReset(FutureTask.java:305)
	at java.base/java.util.concurrent.ScheduledThreadPoolExecutor$ScheduledFutureTask.run(ScheduledThreadPoolExecutor.java:305)
	at java.base/java.util.concurrent.ThreadPoolExecutor.runWorker(ThreadPoolExecutor.java:1136)
	at java.base/java.util.concurrent.ThreadPoolExecutor$Worker.run(ThreadPoolExecutor.java:635)
	at java.base/java.lang.Thread.run(Thread.java:840)

[2025-03-21 01:10:30] [General - TimedTaskManager] [ERROR] Exception thrown by threadpool: 'boolean org.photonvision.raspi.LibCameraJNI.isLibraryWorking()': 'boolean org.photonvision.raspi.LibCameraJNI.isLibraryWorking()'
[2025-03-21 01:10:30] [General - TimedTaskManager] [ERROR] java.lang.UnsatisfiedLinkError: 'boolean org.photonvision.raspi.LibCameraJNI.isLibraryWorking()'
	at org.photonvision.raspi.LibCameraJNI.isLibraryWorking(Native Method)
	at org.photonvision.raspi.LibCameraJNI.isSupported(LibCameraJNI.java:65)
	at org.photonvision.raspi.LibCameraJNILoader.isSupported(LibCameraJNILoader.java:77)
	at org.photonvision.vision.processes.VisionSourceManager.getConnectedCameras(VisionSourceManager.java:303)
	at org.photonvision.vision.processes.VisionSourceManager.getVsmState(VisionSourceManager.java:282)
	at org.photonvision.vision.processes.VisionSourceManager.pushUiUpdate(VisionSourceManager.java:291)
	at org.photonvision.common.util.TimedTaskManager$CaughtScheduledThreadPoolExecutor.lambda$wrap$0(TimedTaskManager.java:56)
	at java.base/java.util.concurrent.Executors$RunnableAdapter.call(Executors.java:539)
	at java.base/java.util.concurrent.FutureTask.runAndReset(FutureTask.java:305)
	at java.base/java.util.concurrent.ScheduledThreadPoolExecutor$ScheduledFutureTask.run(ScheduledThreadPoolExecutor.java:305)
	at java.base/java.util.concurrent.ThreadPoolExecutor.runWorker(ThreadPoolExecutor.java:1136)
	at java.base/java.util.concurrent.ThreadPoolExecutor$Worker.run(ThreadPoolExecutor.java:635)
	at java.base/java.lang.Thread.run(Thread.java:840)

[2025-03-21 01:10:31] [General - TimedTaskManager] [ERROR] Exception thrown by threadpool: 'boolean org.photonvision.raspi.LibCameraJNI.isLibraryWorking()': 'boolean org.photonvision.raspi.LibCameraJNI.isLibraryWorking()'
[2025-03-21 01:10:31] [General - TimedTaskManager] [ERROR] java.lang.UnsatisfiedLinkError: 'boolean org.photonvision.raspi.LibCameraJNI.isLibraryWorking()'
	at org.photonvision.raspi.LibCameraJNI.isLibraryWorking(Native Method)
	at org.photonvision.raspi.LibCameraJNI.isSupported(LibCameraJNI.java:65)
	at org.photonvision.raspi.LibCameraJNILoader.isSupported(LibCameraJNILoader.java:77)
	at org.photonvision.vision.processes.VisionSourceManager.getConnectedCameras(VisionSourceManager.java:303)
	at org.photonvision.vision.processes.VisionSourceManager.getVsmState(VisionSourceManager.java:282)
	at org.photonvision.vision.processes.VisionSourceManager.pushUiUpdate(VisionSourceManager.java:291)
	at org.photonvision.common.util.TimedTaskManager$CaughtScheduledThreadPoolExecutor.lambda$wrap$0(TimedTaskManager.java:56)
	at java.base/java.util.concurrent.Executors$RunnableAdapter.call(Executors.java:539)
	at java.base/java.util.concurrent.FutureTask.runAndReset(FutureTask.java:305)
	at java.base/java.util.concurrent.ScheduledThreadPoolExecutor$ScheduledFutureTask.run(ScheduledThreadPoolExecutor.java:305)
	at java.base/java.util.concurrent.ThreadPoolExecutor.runWorker(ThreadPoolExecutor.java:1136)
	at java.base/java.util.concurrent.ThreadPoolExecutor$Worker.run(ThreadPoolExecutor.java:635)
	at java.base/java.lang.Thread.run(Thread.java:840)

[2025-03-21 01:10:32] [General - TimedTaskManager] [ERROR] Exception thrown by threadpool: 'boolean org.photonvision.raspi.LibCameraJNI.isLibraryWorking()': 'boolean org.photonvision.raspi.LibCameraJNI.isLibraryWorking()'
[2025-03-21 01:10:32] [General - TimedTaskManager] [ERROR] java.lang.UnsatisfiedLinkError: 'boolean org.photonvision.raspi.LibCameraJNI.isLibraryWorking()'
	at org.photonvision.raspi.LibCameraJNI.isLibraryWorking(Native Method)
	at org.photonvision.raspi.LibCameraJNI.isSupported(LibCameraJNI.java:65)
	at org.photonvision.raspi.LibCameraJNILoader.isSupported(LibCameraJNILoader.java:77)
	at org.photonvision.vision.processes.VisionSourceManager.getConnectedCameras(VisionSourceManager.java:303)
	at org.photonvision.vision.processes.VisionSourceManager.getVsmState(VisionSourceManager.java:282)
	at org.photonvision.vision.processes.VisionSourceManager.pushUiUpdate(VisionSourceManager.java:291)
	at org.photonvision.common.util.TimedTaskManager$CaughtScheduledThreadPoolExecutor.lambda$wrap$0(TimedTaskManager.java:56)
	at java.base/java.util.concurrent.Executors$RunnableAdapter.call(Executors.java:539)
	at java.base/java.util.concurrent.FutureTask.runAndReset(FutureTask.java:305)
	at java.base/java.util.concurrent.ScheduledThreadPoolExecutor$ScheduledFutureTask.run(ScheduledThreadPoolExecutor.java:305)
	at java.base/java.util.concurrent.ThreadPoolExecutor.runWorker(ThreadPoolExecutor.java:1136)
	at java.base/java.util.concurrent.ThreadPoolExecutor$Worker.run(ThreadPoolExecutor.java:635)
	at java.base/java.lang.Thread.run(Thread.java:840)

[2025-03-21 01:10:33] [General - TimedTaskManager] [ERROR] Exception thrown by threadpool: 'boolean org.photonvision.raspi.LibCameraJNI.isLibraryWorking()': 'boolean org.photonvision.raspi.LibCameraJNI.isLibraryWorking()'
[2025-03-21 01:10:33] [General - TimedTaskManager] [ERROR] java.lang.UnsatisfiedLinkError: 'boolean org.photonvision.raspi.LibCameraJNI.isLibraryWorking()'
	at org.photonvision.raspi.LibCameraJNI.isLibraryWorking(Native Method)
	at org.photonvision.raspi.LibCameraJNI.isSupported(LibCameraJNI.java:65)
	at org.photonvision.raspi.LibCameraJNILoader.isSupported(LibCameraJNILoader.java:77)
	at org.photonvision.vision.processes.VisionSourceManager.getConnectedCameras(VisionSourceManager.java:303)
	at org.photonvision.vision.processes.VisionSourceManager.getVsmState(VisionSourceManager.java:282)
	at org.photonvision.vision.processes.VisionSourceManager.pushUiUpdate(VisionSourceManager.java:291)
	at org.photonvision.common.util.TimedTaskManager$CaughtScheduledThreadPoolExecutor.lambda$wrap$0(TimedTaskManager.java:56)
	at java.base/java.util.concurrent.Executors$RunnableAdapter.call(Executors.java:539)
	at java.base/java.util.concurrent.FutureTask.runAndReset(FutureTask.java:305)
	at java.base/java.util.concurrent.ScheduledThreadPoolExecutor$ScheduledFutureTask.run(ScheduledThreadPoolExecutor.java:305)
	at java.base/java.util.concurrent.ThreadPoolExecutor.runWorker(ThreadPoolExecutor.java:1136)
	at java.base/java.util.concurrent.ThreadPoolExecutor$Worker.run(ThreadPoolExecutor.java:635)
	at java.base/java.lang.Thread.run(Thread.java:840)

[2025-03-21 01:10:34] [General - TimedTaskManager] [ERROR] Exception thrown by threadpool: 'boolean org.photonvision.raspi.LibCameraJNI.isLibraryWorking()': 'boolean org.photonvision.raspi.LibCameraJNI.isLibraryWorking()'
[2025-03-21 01:10:34] [General - TimedTaskManager] [ERROR] java.lang.UnsatisfiedLinkError: 'boolean org.photonvision.raspi.LibCameraJNI.isLibraryWorking()'
	at org.photonvision.raspi.LibCameraJNI.isLibraryWorking(Native Method)
	at org.photonvision.raspi.LibCameraJNI.isSupported(LibCameraJNI.java:65)
	at org.photonvision.raspi.LibCameraJNILoader.isSupported(LibCameraJNILoader.java:77)
	at org.photonvision.vision.processes.VisionSourceManager.getConnectedCameras(VisionSourceManager.java:303)
	at org.photonvision.vision.processes.VisionSourceManager.getVsmState(VisionSourceManager.java:282)
	at org.photonvision.vision.processes.VisionSourceManager.pushUiUpdate(VisionSourceManager.java:291)
	at org.photonvision.common.util.TimedTaskManager$CaughtScheduledThreadPoolExecutor.lambda$wrap$0(TimedTaskManager.java:56)
	at java.base/java.util.concurrent.Executors$RunnableAdapter.call(Executors.java:539)
	at java.base/java.util.concurrent.FutureTask.runAndReset(FutureTask.java:305)
	at java.base/java.util.concurrent.ScheduledThreadPoolExecutor$ScheduledFutureTask.run(ScheduledThreadPoolExecutor.java:305)
	at java.base/java.util.concurrent.ThreadPoolExecutor.runWorker(ThreadPoolExecutor.java:1136)
	at java.base/java.util.concurrent.ThreadPoolExecutor$Worker.run(ThreadPoolExecutor.java:635)
	at java.base/java.lang.Thread.run(Thread.java:840)

[2025-03-21 01:10:34] [General - HardwareManager] [INFO] Shutting down LEDs...
[2025-03-21 01:10:34] [Config - ConfigManager] [INFO] Force-flushing settings...
[2025-03-21 01:10:34] [Config - SqlConfigProvider] [DEBUG] Saving to disk
[2025-03-21 01:10:34] [Config - SqlConfigProvider] [INFO] Settings saved!
