[2025-09-27 19:18:07] [General - Main] [INFO] Starting PhotonVision version v2025.3.1 on platform Linux AARCH 64-bit with RK3588
[2025-09-27 19:18:07] [General - OsImageVersion] [WARN] Photon cannot locate base OS image version metadata at /opt/photonvision/image-version
[2025-09-27 19:18:09] [General - Main] [INFO] WPI JNI libraries loaded.
[2025-09-27 19:18:09] [General - Main] [INFO] photon-targeting JNI libraries loaded.
[2025-09-27 19:18:09] [Camera - RknnDetectorJNI] [INFO] Successfully loaded shared object librga.so
[2025-09-27 19:18:09] [Camera - RknnDetectorJNI] [INFO] Successfully loaded shared object librknnrt.so
[2025-09-27 19:18:09] [Camera - RknnDetectorJNI] [INFO] Successfully loaded shared object librknn_jni.so
[2025-09-27 19:18:09] [Camera - RknnDetectorJNI] [ERROR] Couldn't load shared object mrcal_jni: /tmp/libmrcal_jni.so: libsuitesparseconfig.so.5: cannot open shared object file: No such file or directory
[2025-09-27 19:18:09] [General - Main] [WARN] Failed to load mrcal-JNI! Camera calibration will fall back to opencv
Unable to load mrcal JNI!
[2025-09-27 19:18:09] [General - Main] [INFO] Logging initialized in debug mode.
[2025-09-27 19:18:09] [General - Main] [DEBUG] Loading ConfigManager...
[2025-09-27 19:18:09] [Config - SqlConfigProvider] [DEBUG] Using database /home/lidar/Documents/github/AprilTag-And-Coral-Detection/photonvision_config/photon.sqlite
[2025-09-27 19:18:10] [Config - SqlConfigProvider] [INFO] Using correct database version: 2
[2025-09-27 19:18:10] [Config - SqlConfigProvider] [DEBUG] Loading config...
[2025-09-27 19:18:10] [Config - SqlConfigProvider] [ERROR] Could not deserialize apriltag layout! Loading defaults: Provided empty string for class edu.wpi.first.apriltag.AprilTagFieldLayout
[2025-09-27 19:18:10] [Config - SqlConfigProvider] [ERROR] org.eclipse.jetty.io.EofException: Provided empty string for class edu.wpi.first.apriltag.AprilTagFieldLayout
	at org.photonvision.common.util.file.JacksonUtils.deserialize(JacksonUtils.java:81)
	at org.photonvision.common.configuration.SqlConfigProvider.load(SqlConfigProvider.java:296)
	at org.photonvision.common.configuration.ConfigManager.load(ConfigManager.java:192)
	at org.photonvision.Main.main(Main.java:267)

[2025-09-27 19:18:10] [General - Main] [INFO] Loading ML models...
[2025-09-27 19:18:10] [Config - NeuralNetworkModelManager] [INFO] Skipping extraction of DNN resource: models/algaeV1-640-640-yolov8n-labels.txt
[2025-09-27 19:18:10] [Config - NeuralNetworkModelManager] [INFO] Skipping extraction of DNN resource: models/algaeV1-640-640-yolov8n.rknn
[2025-09-27 19:18:10] [Config - NeuralNetworkModelManager] [INFO] Supported backends: [RKNN]
[2025-09-27 19:18:10] [Config - NeuralNetworkModelManager] [INFO] Loaded model algaeV1-640-640-yolov8n.rknn for backend RKNN
[2025-09-27 19:18:10] [General - Main] [DEBUG] Loading HardwareManager...
[2025-09-27 19:18:10] [NetworkTables - TimeSyncManager] [DEBUG] Starting TimeSyncClient on localhost (for now)
[2025-09-27 19:18:10] [General - Main] [DEBUG] Loading NetworkManager...
[2025-09-27 19:18:10] [General - ShellExec] [DEBUG] Executing "id -u"
[2025-09-27 19:18:10] [General - ShellExec] [DEBUG] Got exit code 0
[2025-09-27 19:18:10] [General - ShellExec] [DEBUG] Executing "nmcli -t -f GENERAL.CONNECTION,GENERAL.DEVICE,GENERAL.TYPE device show"
[2025-09-27 19:18:10] [General - ShellExec] [DEBUG] Got exit code 0
[2025-09-27 19:18:10] [General - NetworkUtils] [DEBUG] Found network interfaces: [NMDeviceInfo [connName=dhcp-enP3p49s0, devName=enP3p49s0, nmType=NMTYPE_ETHERNET], NMDeviceInfo [connName=, devName=wlan0, nmType=NMTYPE_WIFI], NMDeviceInfo [connName=, devName=p2p-dev-wlan0, nmType=NMTYPE_UNKNOWN]]
[2025-09-27 19:18:10] [General - NetworkManager] [DEBUG] Watching network interface at path: /sys/class/net/enP3p49s0/carrier
[2025-09-27 19:18:10] [General - NetworkManager] [INFO] Interface enP3p49s0 has address(es): [/10.17.99.201/24 [/10.17.99.255]]
[2025-09-27 19:18:10] [General - NetworkManager] [WARN] The configured interface doesn't match any available interface. Applying configuration to enP3p49s0
[2025-09-27 19:18:10] [General - NetworkManager] [INFO] Setting DHCP with team 0 on enP3p49s0
[2025-09-27 19:18:10] [General - ShellExec] [DEBUG] Executing "cat /etc/hostname | tr -d " \t\n\r""
[2025-09-27 19:18:10] [General - ShellExec] [DEBUG] Got exit code 0
[2025-09-27 19:18:10] [General - NetworkManager] [DEBUG] Old host name: "photonvision"
[2025-09-27 19:18:10] [General - NetworkManager] [DEBUG] New host name: "photonvision"
[2025-09-27 19:18:10] [General - NetworkManager] [INFO] Updating the DHCP connection dhcp-enP3p49s0
[2025-09-27 19:18:10] [General - ShellExec] [DEBUG] Executing "nmcli connection modify "dhcp-enP3p49s0" autoconnect yes ipv4.method auto ipv6.method disabled "
[2025-09-27 19:18:10] [General - KernelLogLogger] [DEBUG] 2025-09-27T19:18:10.128093-06:00 photonvision kernel: input: Virtual Keyboard as /devices/virtual/input/input16
[2025-09-27 19:18:11] [General - ShellExec] [DEBUG] Got exit code 0
[2025-09-27 19:18:11] [General - NetworkManager] [INFO] Activating DHCP connection dhcp-enP3p49s0
[2025-09-27 19:18:11] [General - ShellExec] [DEBUG] Executing "nmcli connection up "dhcp-enP3p49s0""
[2025-09-27 19:18:11] [General - KernelLogLogger] [DEBUG] 2025-09-27T19:18:11.734772-06:00 photonvision kernel: [dhd] [wlan0] wl_conn_debug_info : Connecting with 92:18:98:fb:b4:a1 ssid "Jeffco-Community", len (16), channel=5g-52(chan_cnt=1), sec=open/mfpc/none, rssi=-65
[2025-09-27 19:18:11] [General - KernelLogLogger] [DEBUG] 2025-09-27T19:18:11.778097-06:00 photonvision kernel: [dhd] [wlan0] wl_iw_event : Link UP with 92:18:98:fb:b4:a1
[2025-09-27 19:18:11] [General - KernelLogLogger] [DEBUG] 2025-09-27T19:18:11.778138-06:00 photonvision kernel: [dhd] [wlan0] wl_ext_iapsta_link : [S] Link UP with 92:18:98:fb:b4:a1
[2025-09-27 19:18:11] [General - KernelLogLogger] [DEBUG] 2025-09-27T19:18:11.781393-06:00 photonvision kernel: [dhd] [wlan0] wl_bss_connect_done : Report connect result - connection succeeded
[2025-09-27 19:18:11] [General - KernelLogLogger] [DEBUG] 2025-09-27T19:18:11.788059-06:00 photonvision kernel: [dhd] [wlan0] wl_cfg80211_set_suspend_bcn_li_dtim : bcn_li_dtim:0 lpas:0 bcn_to_dly:0
[2025-09-27 19:18:11] [General - KernelLogLogger] [DEBUG] 2025-09-27T19:18:11.788063-06:00 photonvision kernel: IPv6: ADDRCONF(NETDEV_CHANGE): wlan0: link becomes ready
[2025-09-27 19:18:11] [General - KernelLogLogger] [DEBUG] 2025-09-27T19:18:11.961447-06:00 photonvision kernel: platform mtd_vendor_storage: deferred probe pending
[2025-09-27 19:18:12] [General - ShellExec] [DEBUG] Got exit code 0
[2025-09-27 19:18:12] [General - Main] [DEBUG] Loading NetworkTablesManager...
[2025-09-27 19:18:12] [NetworkTables - NetworkTablesManager] [INFO] Starting NT Client, server team is 0
[2025-09-27 19:18:12] [NetworkTables - NetworkTablesManager] [INFO] NT: INFO 20: starting network client (NetworkClient.cpp:46)
[2025-09-27 19:18:12] [General - Main] [DEBUG] Loading VisionSourceManager...
[2025-09-27 19:18:12] [NetworkTables - NetworkTablesManager] [INFO] Starting NT Client, server team is 0
[2025-09-27 19:18:12] [NetworkTables - NetworkTablesManager] [ERROR] [NetworkTablesManager] Could not connect to the robot! Will retry in the background...
[2025-09-27 19:18:12] [Camera - VisionSourceManager] [INFO] Registering loaded camera configs
[2025-09-27 19:18:12] [Camera - VisionSourceManager] [INFO] Finished registering loaded camera configs! Started 0 active VisionModules, with 0 disabled VisionModules
[2025-09-27 19:18:12] [General - Main] [INFO] Starting server...
[2025-09-27 19:18:12] [WebServer - DataChangeService] [DEBUG] Added subscriber - Sources: DCS_WEBSOCKET, DCS_HTTP, DCS_NETWORKTABLES, DCS_VISIONMODULE, DCS_OTHER, Destinations: DCD_WEBSERVER
[2025-09-27 19:18:12] [Config - ConfigManager] [DEBUG] Saving to disk...
[2025-09-27 19:18:12] [Config - SqlConfigProvider] [DEBUG] Saving to disk
[2025-09-27 19:18:12] [Config - SqlConfigProvider] [INFO] Settings saved!
[2025-09-27 19:18:12] [WebServer - DataChangeService] [DEBUG] Added subscriber - Sources: DCS_WEBSOCKET, DCS_HTTP, DCS_NETWORKTABLES, DCS_VISIONMODULE, DCS_OTHER, Destinations: DCD_UI
[2025-09-27 19:18:12] [WebServer - DataChangeService] [DEBUG] Added subscriber - Sources: DCS_WEBSOCKET, Destinations: DCD_GENSETTINGS
[2025-09-27 19:18:12] [General - KernelLogLogger] [DEBUG] 2025-09-27T19:18:12.338114-06:00 photonvision kernel: mali fb000000.gpu: Loading Mali firmware 0x1010000
[2025-09-27 19:18:12] [General - KernelLogLogger] [DEBUG] 2025-09-27T19:18:12.338134-06:00 photonvision kernel: mali fb000000.gpu: Mali firmware git_sha: ee476db42870778306fa8d559a605a73f13e455c 
[2025-09-27 19:18:12] [General - KernelLogLogger] [DEBUG] 2025-09-27T19:18:12.801450-06:00 photonvision kernel: dwhdmi-rockchip fde80000.hdmi: i2c read time out!
[2025-09-27 19:18:12] [General - KernelLogLogger] [DEBUG] 11.788059-06:00 photonvision kernel: [dhd] [wlan0] wl_cfg80211_set_suspend_bcn_li_dtim : bcn_li_dtim:0 lpas:0 bcn_to_dly:0
[2025-09-27 19:18:12] [General - KernelLogLogger] [DEBUG] 2025-09-27T19:18:1ý
[2025-09-27 19:18:13] [General - KernelLogLogger] [DEBUG] 2025-09-27T19:18:13.734845-06:00 photonvision kernel: message repeated 9 times: [ dwhdmi-rockchip fde80000.hdmi: i2c read time out!]
[2025-09-27 19:18:13] [General - KernelLogLogger] [DEBUG] 2025-09-27T19:18:13.734853-06:00 photonvision kernel: dwhdmi-rockchip fde80000.hdmi: ddc read failed offset:0x1
[2025-09-27 19:18:13] [General - KernelLogLogger] [DEBUG] 2025-09-27T19:18:13.838177-06:00 photonvision kernel: dwhdmi-rockchip fde80000.hdmi: i2c read time out!
[2025-09-27 19:18:14] [General - KernelLogLogger] [DEBUG] 2025-09-27T19:18:14.768135-06:00 photonvision kernel: message repeated 9 times: [ dwhdmi-rockchip fde80000.hdmi: i2c read time out!]
[2025-09-27 19:18:14] [General - KernelLogLogger] [DEBUG] 2025-09-27T19:18:14.768140-06:00 photonvision kernel: dwhdmi-rockchip fde80000.hdmi: ddc read failed offset:0x1
[2025-09-27 19:18:14] [General - KernelLogLogger] [DEBUG] 2025-09-27T19:18:14.874765-06:00 photonvision kernel: dwhdmi-rockchip fde80000.hdmi: i2c read time out!
[2025-09-27 19:18:15] [General - KernelLogLogger] [DEBUG] 2025-09-27T19:18:15.804819-06:00 photonvision kernel: message repeated 9 times: [ dwhdmi-rockchip fde80000.hdmi: i2c read time out!]
[2025-09-27 19:18:15] [General - KernelLogLogger] [DEBUG] 2025-09-27T19:18:15.804833-06:00 photonvision kernel: dwhdmi-rockchip fde80000.hdmi: ddc read failed offset:0x1
[2025-09-27 19:18:15] [General - KernelLogLogger] [DEBUG] 2025-09-27T19:18:15.908186-06:00 photonvision kernel: dwhdmi-rockchip fde80000.hdmi: i2c read time out!
[2025-09-27 19:18:16] [General - KernelLogLogger] [DEBUG] 2025-09-27T19:18:16.841471-06:00 photonvision kernel: message repeated 9 times: [ dwhdmi-rockchip fde80000.hdmi: i2c read time out!]
[2025-09-27 19:18:16] [General - KernelLogLogger] [DEBUG] 2025-09-27T19:18:16.841479-06:00 photonvision kernel: dwhdmi-rockchip fde80000.hdmi: ddc read failed offset:0x1
[2025-09-27 19:18:16] [General - KernelLogLogger] [DEBUG] 2025-09-27T19:18:16.944803-06:00 photonvision kernel: dwhdmi-rockchip fde80000.hdmi: i2c read time out!
[2025-09-27 19:18:17] [General - KernelLogLogger] [DEBUG] 2025-09-27T19:18:17.874720-06:00 photonvision kernel: message repeated 9 times: [ dwhdmi-rockchip fde80000.hdmi: i2c read time out!]
[2025-09-27 19:18:17] [General - KernelLogLogger] [DEBUG] 2025-09-27T19:18:17.874727-06:00 photonvision kernel: dwhdmi-rockchip fde80000.hdmi: ddc read failed offset:0x1
[2025-09-27 19:18:17] [General - KernelLogLogger] [DEBUG] 2025-09-27T19:18:17.874733-06:00 photonvision kernel: dwhdmi-rockchip fde80000.hdmi: failed to get edid
[2025-09-27 19:18:23] [General - KernelLogLogger] [DEBUG] 2025-09-27T19:18:23.251396-06:00 photonvision kernel: rockchip-vop2 fdd90000.vop: [drm:vop2_crtc_atomic_disable] Crtc atomic disable vp0
[2025-09-27 19:18:23] [General - KernelLogLogger] [DEBUG] 2025-09-27T19:18:23.281402-06:00 photonvision kernel: rockchip-vop2 fdd90000.vop: [drm:vop2_crtc_atomic_enable] Update mode to 1920x1080p60, type: 11(if:HDMI0, flag:0x0) for vp0 dclk: 148500000
[2025-09-27 19:18:23] [General - KernelLogLogger] [DEBUG] 2025-09-27T19:18:23.281414-06:00 photonvision kernel: rockchip-hdptx-phy-hdmi fed60000.hdmiphy: hdptx_ropll_cmn_config bus_width:16a8c8 rate:1485000
[2025-09-27 19:18:23] [General - KernelLogLogger] [DEBUG] 2025-09-27T19:18:23.281415-06:00 photonvision kernel: rockchip-hdptx-phy-hdmi fed60000.hdmiphy: hdptx phy pll locked!
[2025-09-27 19:18:23] [General - KernelLogLogger] [DEBUG] 2025-09-27T19:18:23.281416-06:00 photonvision kernel: rockchip-vop2 fdd90000.vop: [drm:vop2_crtc_atomic_enable] dclk_out0 div: 0 dclk_core0 div: 2
[2025-09-27 19:18:23] [General - KernelLogLogger] [DEBUG] 2025-09-27T19:18:23.281417-06:00 photonvision kernel: rockchip-vop2 fdd90000.vop: [drm:vop2_crtc_atomic_enable] set dclk_vop0 to 148500000, get 148500000
[2025-09-27 19:18:23] [General - KernelLogLogger] [DEBUG] 2025-09-27T19:18:23.298068-06:00 photonvision kernel: dwhdmi-rockchip fde80000.hdmi: final tmdsclk = 148500000
[2025-09-27 19:18:23] [General - KernelLogLogger] [DEBUG] 2025-09-27T19:18:23.298087-06:00 photonvision kernel: dwhdmi-rockchip fde80000.hdmi: don't use dsc mode
[2025-09-27 19:18:23] [General - KernelLogLogger] [DEBUG] 2025-09-27T19:18:23.298089-06:00 photonvision kernel: dwhdmi-rockchip fde80000.hdmi: dw hdmi qp use tmds mode
[2025-09-27 19:18:23] [General - KernelLogLogger] [DEBUG] 2025-09-27T19:18:23.298090-06:00 photonvision kernel: rockchip-hdptx-phy-hdmi fed60000.hdmiphy: bus_width:0x16a8c8,bit_rate:1485000
[2025-09-27 19:18:23] [General - KernelLogLogger] [DEBUG] 2025-09-27T19:18:23.298091-06:00 photonvision kernel: rockchip-hdptx-phy-hdmi fed60000.hdmiphy: hdptx phy lane locked!
[2025-09-27 19:18:39] [WebServer - Server] [DEBUG] Handled HTTP request of type GET from endpoint /index.html of req size -1 bytes & type null with return code 304 for host [0:0:0:0:0:0:0:1] in 10.299918 ms
[2025-09-27 19:18:39] [WebServer - Server] [DEBUG] Handled HTTP request of type GET from endpoint / of req size -1 bytes & type null with return code 304 for host [0:0:0:0:0:0:0:1] in 28.52967 ms
[2025-09-27 19:18:39] [WebServer - Server] [DEBUG] Handled HTTP request of type GET from endpoint /assets/index-BPQQ3fGH.css of req size -1 bytes & type null with return code 304 for host [0:0:0:0:0:0:0:1] in 13.505043 ms
[2025-09-27 19:18:39] [WebServer - Server] [DEBUG] Handled HTTP request of type GET from endpoint /assets/index-CLwGn-L_.js of req size -1 bytes & type null with return code 304 for host [0:0:0:0:0:0:0:1] in 14.786335 ms
[2025-09-27 19:18:39] [WebServer - DataSocketHandler] [INFO] New websocket connection from /0:0:0:0:0:0:0:1:56802
[2025-09-27 19:18:39] [General - ShellExec] [DEBUG] Executing "nmcli -t -f GENERAL.CONNECTION,GENERAL.DEVICE,GENERAL.TYPE device show"
[2025-09-27 19:18:39] [General - ShellExec] [DEBUG] Got exit code 0
[2025-09-27 19:18:39] [General - NetworkUtils] [DEBUG] Found network interfaces: [NMDeviceInfo [connName=dhcp-enP3p49s0, devName=enP3p49s0, nmType=NMTYPE_ETHERNET], NMDeviceInfo [connName=Jeffco-Community, devName=wlan0, nmType=NMTYPE_WIFI], NMDeviceInfo [connName=, devName=p2p-dev-wlan0, nmType=NMTYPE_UNKNOWN]]
[2025-09-27 19:18:39] [WebServer - Server] [DEBUG] Handled HTTP request of type GET from endpoint /assets/logoLarge-Blny0AlQ.svg of req size -1 bytes & type null with return code 304 for host [0:0:0:0:0:0:0:1] in 0.945 ms
[2025-09-27 19:18:39] [WebServer - Server] [DEBUG] Handled HTTP request of type GET from endpoint /assets/loading-transparent-M6bk-DXt.svg of req size -1 bytes & type null with return code 304 for host [0:0:0:0:0:0:0:1] in 1.263208 ms
[2025-09-27 19:18:40] [WebServer - Server] [DEBUG] Handled HTTP request of type GET from endpoint /assets/materialdesignicons-webfont-Dp5v-WZN.woff2 of req size -1 bytes & type null with return code 304 for host [0:0:0:0:0:0:0:1] in 1.345458 ms
[2025-09-27 19:18:40] [WebServer - Server] [DEBUG] Handled HTTP request of type GET from endpoint /assets/prompt-latin-400-normal-CyXKtQGK.woff2 of req size -1 bytes & type null with return code 304 for host [0:0:0:0:0:0:0:1] in 2.884875 ms
[2025-09-27 19:18:40] [WebServer - Server] [DEBUG] Handled HTTP request of type GET from endpoint /favicon.ico of req size -1 bytes & type null with return code 304 for host [0:0:0:0:0:0:0:1] in 2.437459 ms
[2025-09-27 19:19:57] [General - KernelLogLogger] [DEBUG] 2025-09-27T19:19:57.161436-06:00 photonvision kernel: usb 4-1: USB disconnect, device number 2
[2025-09-27 19:19:57] [General - KernelLogLogger] [DEBUG] 2025-09-27T19:19:57.491503-06:00 photonvision kernel: usb 4-1: new high-speed USB device number 3 using ehci-platform
[2025-09-27 19:19:57] [General - KernelLogLogger] [DEBUG] 2025-09-27T19:19:57.651395-06:00 photonvision kernel: usb 4-1: New USB device found, idVendor=0c45, idProduct=6366, bcdDevice= 1.00
[2025-09-27 19:19:57] [General - KernelLogLogger] [DEBUG] 2025-09-27T19:19:57.651417-06:00 photonvision kernel: usb 4-1: New USB device strings: Mfr=2, Product=1, SerialNumber=3
[2025-09-27 19:19:57] [General - KernelLogLogger] [DEBUG] 2025-09-27T19:19:57.651419-06:00 photonvision kernel: usb 4-1: Product: AprilTag1
[2025-09-27 19:19:57] [General - KernelLogLogger] [DEBUG] 2025-09-27T19:19:57.651420-06:00 photonvision kernel: usb 4-1: Manufacturer: Arducam Technology Co., Ltd.
[2025-09-27 19:19:57] [General - KernelLogLogger] [DEBUG] 2025-09-27T19:19:57.651421-06:00 photonvision kernel: usb 4-1: SerialNumber: 0001
[2025-09-27 19:19:57] [General - KernelLogLogger] [DEBUG] 2025-09-27T19:19:57.654743-06:00 photonvision kernel: usb 4-1: Found UVC 1.00 device AprilTag1 (0c45:6366)
[2025-09-27 19:19:57] [General - KernelLogLogger] [DEBUG] 2025-09-27T19:19:57.681424-06:00 photonvision kernel: input: AprilTag1: AprilTag1 as /devices/platform/fc880000.usb/usb4/4-1/4-1:1.0/input/input17
[2025-09-27 19:19:59] [General - KernelLogLogger] [DEBUG] 2025-09-27T19:19:59.234760-06:00 photonvision kernel: usb 4-1: USB disconnect, device number 3
[2025-09-27 19:19:59] [General - KernelLogLogger] [DEBUG] 2025-09-27T19:19:59.588086-06:00 photonvision kernel: usb 4-1: new high-speed USB device number 4 using ehci-platform
[2025-09-27 19:19:59] [General - KernelLogLogger] [DEBUG] 2025-09-27T19:19:59.751468-06:00 photonvision kernel: usb 4-1: New USB device found, idVendor=0c45, idProduct=6366, bcdDevice= 1.00
[2025-09-27 19:19:59] [General - KernelLogLogger] [DEBUG] 2025-09-27T19:19:59.751512-06:00 photonvision kernel: usb 4-1: New USB device strings: Mfr=2, Product=1, SerialNumber=3
[2025-09-27 19:19:59] [General - KernelLogLogger] [DEBUG] 2025-09-27T19:19:59.751515-06:00 photonvision kernel: usb 4-1: Product: AprilTag1
[2025-09-27 19:19:59] [General - KernelLogLogger] [DEBUG] 2025-09-27T19:19:59.751518-06:00 photonvision kernel: usb 4-1: Manufacturer: Arducam Technology Co., Ltd.
[2025-09-27 19:19:59] [General - KernelLogLogger] [DEBUG] 2025-09-27T19:19:59.751521-06:00 photonvision kernel: usb 4-1: SerialNumber: 0001
[2025-09-27 19:19:59] [General - KernelLogLogger] [DEBUG] 2025-09-27T19:19:59.754760-06:00 photonvision kernel: usb 4-1: Found UVC 1.00 device AprilTag1 (0c45:6366)
[2025-09-27 19:19:59] [General - KernelLogLogger] [DEBUG] 2025-09-27T19:19:59.781422-06:00 photonvision kernel: input: AprilTag1: AprilTag1 as /devices/platform/fc880000.usb/usb4/4-1/4-1:1.0/input/input18
[2025-09-27 19:19:59] [General - KernelLogLogger] [DEBUG] 2025-09-27T19:19:59.934800-06:00 photonvision kernel: usb 4-1: USB disconnect, device number 4
[2025-09-27 19:20:00] [General - KernelLogLogger] [DEBUG] 2025-09-27T19:20:00.274742-06:00 photonvision kernel: usb 4-1: new high-speed USB device number 5 using ehci-platform
[2025-09-27 19:20:00] [General - KernelLogLogger] [DEBUG] 2025-09-27T19:20:00.434862-06:00 photonvision kernel: usb 4-1: New USB device found, idVendor=0c45, idProduct=6366, bcdDevice= 1.00
[2025-09-27 19:20:00] [General - KernelLogLogger] [DEBUG] 2025-09-27T19:20:00.434900-06:00 photonvision kernel: usb 4-1: New USB device strings: Mfr=2, Product=1, SerialNumber=3
[2025-09-27 19:20:00] [General - KernelLogLogger] [DEBUG] 2025-09-27T19:20:00.434903-06:00 photonvision kernel: usb 4-1: Product: AprilTag1
[2025-09-27 19:20:00] [General - KernelLogLogger] [DEBUG] 2025-09-27T19:20:00.434906-06:00 photonvision kernel: usb 4-1: Manufacturer: Arducam Technology Co., Ltd.
[2025-09-27 19:20:00] [General - KernelLogLogger] [DEBUG] 2025-09-27T19:20:00.434909-06:00 photonvision kernel: usb 4-1: SerialNumber: 0001
[2025-09-27 19:20:00] [General - KernelLogLogger] [DEBUG] 2025-09-27T19:20:00.438124-06:00 photonvision kernel: usb 4-1: Found UVC 1.00 device AprilTag1 (0c45:6366)
[2025-09-27 19:20:00] [General - KernelLogLogger] [DEBUG] 2025-09-27T19:20:00.464758-06:00 photonvision kernel: input: AprilTag1: AprilTag1 as /devices/platform/fc880000.usb/usb4/4-1/4-1:1.0/input/input19
[2025-09-27 19:20:01] [General - KernelLogLogger] [DEBUG] 2025-09-27T19:20:01.888109-06:00 photonvision kernel: usb 4-1: USB disconnect, device number 5
[2025-09-27 19:20:01] [General - KernelLogLogger] [DEBUG] 2025-09-2
[2025-09-27 19:20:02] [General - KernelLogLogger] [DEBUG] 2025-09-27T19:20:02.214749-06:00 photonvision kernel: usb 4-1: new high-speed USB device number 6 using ehci-platform
[2025-09-27 19:20:02] [General - KernelLogLogger] [DEBUG] 2025-09-27T19:20:02.554794-06:00 photonvision kernel: usb 4-1: device descriptor read/64, error -71
[2025-09-27 19:20:02] [General - KernelLogLogger] [DEBUG] 2025-09-27T19:20:02.824760-06:00 photonvision kernel: usb 4-1: New USB device found, idVendor=0c45, idProduct=6366, bcdDevice= 1.00
[2025-09-27 19:20:02] [General - KernelLogLogger] [DEBUG] 2025-09-27T19:20:02.824792-06:00 photonvision kernel: usb 4-1: New USB device strings: Mfr=2, Product=1, SerialNumber=3
[2025-09-27 19:20:02] [General - KernelLogLogger] [DEBUG] 2025-09-27T19:20:02.824796-06:00 photonvision kernel: usb 4-1: Product: AprilTag1
[2025-09-27 19:20:02] [General - KernelLogLogger] [DEBUG] 2025-09-27T19:20:02.824799-06:00 photonvision kernel: usb 4-1: Manufacturer: Arducam Technology Co., Ltd.
[2025-09-27 19:20:02] [General - KernelLogLogger] [DEBUG] 2025-09-27T19:20:02.824801-06:00 photonvision kernel: usb 4-1: SerialNumber: 0001
[2025-09-27 19:20:02] [General - KernelLogLogger] [DEBUG] 2025-09-27T19:20:02.828069-06:00 photonvision kernel: usb 4-1: Found UVC 1.00 device AprilTag1 (0c45:6366)
[2025-09-27 19:20:02] [General - KernelLogLogger] [DEBUG] 2025-09-27T19:20:02.854743-06:00 photonvision kernel: input: AprilTag1: AprilTag1 as /devices/platform/fc880000.usb/usb4/4-1/4-1:1.0/input/input20
[2025-09-27 19:27:03] [General - HardwareManager] [INFO] Shutting down LEDs...
[2025-09-27 19:27:03] [Config - ConfigManager] [INFO] Force-flushing settings...
[2025-09-27 19:27:03] [Config - SqlConfigProvider] [DEBUG] Saving to disk
[2025-09-27 19:27:03] [Config - SqlConfigProvider] [INFO] Settings saved!
